
> backend@1.0.0 test
> jest --forceExit --detectOpenHandles

npm : FAIL test/auth.test.js
At line:1 char:1
+ npm test > test_output.txt 2>&1
+ ~~~~~~~~~~~~~~~~~~~~~~~~~~~~~~~
    + CategoryInfo          : NotSpecifie 
   d: (FAIL test/auth.test.js:String) []  
  , RemoteException
    + FullyQualifiedErrorId : NativeComma 
   ndError
 
  ● Console

    console.log
      [dotenv@17.3.1] injecting env (17) 
from .env -- tip: ⚙️  write to custom 
object with { processEnv: myObject }

      at _log 
(node_modules/dotenv/lib/main.js:139:11)

    console.log
      Using LOCAL storage for uploads

      at Object.log 
(routes/events.js:13:13)

    console.error
      TypeError: pool.connect is not a 
function
          at connect (E:\yby_vibe\backend\
controllers\authController.js:31:35)

    [0m [90m 44 |[39m     } 
[36mcatch[39m (error) {
     [90m 45 |[39m         [36mif[39m 
(error[33m.[39mcode [33m===[39m 
[32m'23505'[39m) [36mreturn[39m res[3
3m.[39mstatus([35m400[39m)[33m.[39mjs
on({ message[33m:[39m 
[32m'Exists'[39m })[33m;[39m
    [31m[1m>[22m[39m[90m 46 |[39m   
      
console[33m.[39merror(error)[33m;[39m 
res[33m.[39mstatus([35m500[39m)[33m.
[39mjson({ message[33m:[39m 
[32m'Error'[39m })[33m;[39m
     [90m    |[39m                 
[31m[1m^[22m[39m
     [90m 47 |[39m     }
     [90m 48 |[39m }[33m;[39m
     [90m 49 |[39m[0m

      at error 
(controllers/authController.js:46:17)

    console.error
      TypeError: pool.connect is not a 
function
          at connect (E:\yby_vibe\backend\
controllers\authController.js:31:35)

    [0m [90m 44 |[39m     } 
[36mcatch[39m (error) {
     [90m 45 |[39m         [36mif[39m 
(error[33m.[39mcode [33m===[39m 
[32m'23505'[39m) [36mreturn[39m res[3
3m.[39mstatus([35m400[39m)[33m.[39mjs
on({ message[33m:[39m 
[32m'Exists'[39m })[33m;[39m
    [31m[1m>[22m[39m[90m 46 |[39m   
      
console[33m.[39merror(error)[33m;[39m 
res[33m.[39mstatus([35m500[39m)[33m.
[39mjson({ message[33m:[39m 
[32m'Error'[39m })[33m;[39m
     [90m    |[39m                 
[31m[1m^[22m[39m
     [90m 47 |[39m     }
     [90m 48 |[39m }[33m;[39m
     [90m 49 |[39m[0m

      at error 
(controllers/authController.js:46:17)

    console.error
      Login error: Error: Illegal 
arguments: string, undefined
          at _async (E:\yby_vibe\backend\n
ode_modules\bcryptjs\umd\index.js:305:15)
          at E:\yby_vibe\backend\node_modu
les\bcryptjs\umd\index.js:335:11
          at new Promise (<anonymous>)
          at Object.compare (E:\yby_vibe\b
ackend\node_modules\bcryptjs\umd\index.js:
334:16)
          at compare (E:\yby_vibe\backend\
controllers\authController.js:56:37)
          at processTicksAndRejections 
(node:internal/process/task_queues:95:5)

    [0m [90m 80 |[39m         
})[33m;[39m
     [90m 81 |[39m     } 
[36mcatch[39m (error) {
    [31m[1m>[22m[39m[90m 82 |[39m   
      console[33m.[39merror([32m'Login 
error:'[39m[33m,[39m error)[33m;[39m
     [90m    |[39m                 
[31m[1m^[22m[39m
     [90m 83 |[39m         res[33m.[39
mstatus([35m500[39m)[33m.[39mjson({ 
message[33m:[39m [32m'Internal server 
error during login'[39m })[33m;[39m
     [90m 84 |[39m     }
     [90m 85 |[39m }[33m;[39m[0m

      at error 
(controllers/authController.js:82:17)

    console.error
      Login error: Error: duplicate key
          at Object.<anonymous> (E:\yby_vi
be\backend\test\auth.test.js:75:27)
          at Promise.finally.completed (E:
\yby_vibe\backend\node_modules\jest-circus
\build\jestAdapterInit.js:1557:28)
          at new Promise (<anonymous>)
          at callAsyncCircusFn (E:\yby_vib
e\backend\node_modules\jest-circus\build\j
estAdapterInit.js:1497:10)
          at _callCircusTest (E:\yby_vibe\
backend\node_modules\jest-circus\build\jes
tAdapterInit.js:1007:40)
          at processTicksAndRejections 
(node:internal/process/task_queues:95:5)
          at _runTest (E:\yby_vibe\backend
\node_modules\jest-circus\build\jestAdapte
rInit.js:947:3)
          at E:\yby_vibe\backend\node_modu
les\jest-circus\build\jestAdapterInit.js:8
49:7
          at _runTestsForDescribeBlock (E:
\yby_vibe\backend\node_modules\jest-circus
\build\jestAdapterInit.js:862:11)
          at _runTestsForDescribeBlock (E:
\yby_vibe\backend\node_modules\jest-circus
\build\jestAdapterInit.js:857:11)
          at _runTestsForDescribeBlock (E:
\yby_vibe\backend\node_modules\jest-circus
\build\jestAdapterInit.js:857:11)
          at run (E:\yby_vibe\backend\node
_modules\jest-circus\build\jestAdapterInit
.js:761:3)
          at 
runAndTransformResultsToJestFormat (E:\yby
_vibe\backend\node_modules\jest-circus\bui
ld\jestAdapterInit.js:1918:21)
          at jestAdapter (E:\yby_vibe\back
end\node_modules\jest-circus\build\runner.
js:101:19)
          at runTestInternal (E:\yby_vibe\
backend\node_modules\jest-runner\build\ind
ex.js:275:16)
          at runTest (E:\yby_vibe\backend\
node_modules\jest-runner\build\index.js:34
3:7) {
        code: '23505'
      }

    [0m [90m 80 |[39m         
})[33m;[39m
     [90m 81 |[39m     } 
[36mcatch[39m (error) {
    [31m[1m>[22m[39m[90m 82 |[39m   
      console[33m.[39merror([32m'Login 
error:'[39m[33m,[39m error)[33m;[39m
     [90m    |[39m                 
[31m[1m^[22m[39m
     [90m 83 |[39m         res[33m.[39
mstatus([35m500[39m)[33m.[39mjson({ 
message[33m:[39m [32m'Internal server 
error during login'[39m })[33m;[39m
     [90m 84 |[39m     }
     [90m 85 |[39m }[33m;[39m[0m

      at error 
(controllers/authController.js:82:17)

    console.error
      DEBUG: JWT Verification Failure

    [0m [90m 17 |[39m         
next()[33m;[39m
     [90m 18 |[39m     } 
[36mcatch[39m (err) {
    [31m[1m>[22m[39m[90m 19 |[39m   
      
console[33m.[39merror([32m'DEBUG: JWT 
Verification Failure'[39m)[33m;[39m
     [90m    |[39m                 
[31m[1m^[22m[39m
     [90m 20 |[39m         console[33m.
[39merror([32m'Error:'[39m[33m,[39m 
err[33m.[39mmessage)[33m;[39m
     [90m 21 |[39m         console[33m.
[39merror([32m'Token:'[39m[33m,[39m 
token [33m?[39m (token[33m.[39msubstri
ng([35m0[39m[33m,[39m [35m10[39m) 
[33m+[39m [32m'...'[39m) [33m:[39m 
[32m'None'[39m)[33m;[39m
     [90m 22 |[39m         res[33m.[39
mstatus([35m401[39m)[33m.[39mjson({ 
message[33m:[39m [32m'Token is not 
valid'[39m })[33m;[39m[0m

      at error (utils/auth.js:19:17)
      at Layer.handleRequest 
(node_modules/router/lib/layer.js:152:17)
      at next 
(node_modules/router/lib/route.js:157:13)
      at Route.dispatch 
(node_modules/router/lib/route.js:117:3)
      at handle 
(node_modules/router/index.js:435:11)
      at Layer.handleRequest 
(node_modules/router/lib/layer.js:152:17)
      at 
node_modules/router/index.js:295:15
      at processParams 
(node_modules/router/index.js:582:12)
      at next 
(node_modules/router/index.js:291:5)
      at Function.handle 
(node_modules/router/index.js:186:3)
      at router 
(node_modules/router/index.js:60:12)
      at Layer.handleRequest 
(node_modules/router/lib/layer.js:152:17)
      at trimPrefix 
(node_modules/router/index.js:342:13)
      at 
node_modules/router/index.js:297:9
      at processParams 
(node_modules/router/index.js:582:12)
      at next 
(node_modules/router/index.js:291:5)
      at read (node_modules/body-parser/li
b/read.js:53:5)
      at jsonParser (node_modules/body-par
ser/lib/types/json.js:88:5)
      at server.js:59:23
      at Layer.handleRequest 
(node_modules/router/lib/layer.js:152:17)
      at trimPrefix 
(node_modules/router/index.js:342:13)
      at 
node_modules/router/index.js:297:9
      at processParams 
(node_modules/router/index.js:582:12)
      at next 
(node_modules/router/index.js:291:5)
      at cors 
(node_modules/cors/lib/index.js:188:7)
      at 
node_modules/cors/lib/index.js:224:17
      at callback (server.js:46:29)
      at 
node_modules/cors/lib/index.js:219:13
      at optionsCallback 
(node_modules/cors/lib/index.js:199:9)
      at corsMiddleware 
(node_modules/cors/lib/index.js:204:7)
      at Layer.handleRequest 
(node_modules/router/lib/layer.js:152:17)
      at trimPrefix 
(node_modules/router/index.js:342:13)
      at 
node_modules/router/index.js:297:9
      at processParams 
(node_modules/router/index.js:582:12)
      at next 
(node_modules/router/index.js:291:5)
      at next 
(middlewares/requestLogger.js:22:5)
      at Layer.handleRequest 
(node_modules/router/lib/layer.js:152:17)
      at trimPrefix 
(node_modules/router/index.js:342:13)
      at 
node_modules/router/index.js:297:9
      at processParams 
(node_modules/router/index.js:582:12)
      at next 
(node_modules/router/index.js:291:5)
      at next 
(middlewares/rateLimiter.js:6:36)
      at Layer.handleRequest 
(node_modules/router/lib/layer.js:152:17)
      at trimPrefix 
(node_modules/router/index.js:342:13)
      at 
node_modules/router/index.js:297:9
      at processParams 
(node_modules/router/index.js:582:12)
      at next 
(node_modules/router/index.js:291:5)
      at internalNext 
(node_modules/helmet/index.cjs:531:6)
      at xXssProtectionMiddleware 
(node_modules/helmet/index.cjs:311:3)
      at internalNext 
(node_modules/helmet/index.cjs:529:6)
      at xPoweredByMiddleware 
(node_modules/helmet/index.cjs:304:3)
      at internalNext 
(node_modules/helmet/index.cjs:529:6)
      at 
xPermittedCrossDomainPoliciesMiddleware 
(node_modules/helmet/index.cjs:297:3)
      at internalNext 
(node_modules/helmet/index.cjs:529:6)
      at xFrameOptionsMiddleware 
(node_modules/helmet/index.cjs:281:3)
      at internalNext 
(node_modules/helmet/index.cjs:529:6)
      at xDownloadOptionsMiddleware 
(node_modules/helmet/index.cjs:261:3)
      at internalNext 
(node_modules/helmet/index.cjs:529:6)
      at xDnsPrefetchControlMiddleware 
(node_modules/helmet/index.cjs:254:3)
      at internalNext 
(node_modules/helmet/index.cjs:529:6)
      at xContentTypeOptionsMiddleware 
(node_modules/helmet/index.cjs:246:3)
      at internalNext 
(node_modules/helmet/index.cjs:529:6)
      at 
strictTransportSecurityMiddleware 
(node_modules/helmet/index.cjs:239:3)
      at internalNext 
(node_modules/helmet/index.cjs:529:6)
      at referrerPolicyMiddleware 
(node_modules/helmet/index.cjs:207:3)
      at internalNext 
(node_modules/helmet/index.cjs:529:6)
      at originAgentClusterMiddleware 
(node_modules/helmet/index.cjs:182:3)
      at internalNext 
(node_modules/helmet/index.cjs:529:6)
      at 
crossOriginResourcePolicyMiddleware 
(node_modules/helmet/index.cjs:175:3)
      at internalNext 
(node_modules/helmet/index.cjs:529:6)
      at 
crossOriginOpenerPolicyMiddleware 
(node_modules/helmet/index.cjs:159:3)
      at internalNext 
(node_modules/helmet/index.cjs:529:6)
      at contentSecurityPolicyMiddleware 
(node_modules/helmet/index.cjs:124:4)
      at internalNext 
(node_modules/helmet/index.cjs:529:6)
      at helmetMiddleware 
(node_modules/helmet/index.cjs:533:6)
      at Layer.handleRequest 
(node_modules/router/lib/layer.js:152:17)
      at trimPrefix 
(node_modules/router/index.js:342:13)
      at 
node_modules/router/index.js:297:9
      at processParams 
(node_modules/router/index.js:582:12)
      at next 
(node_modules/router/index.js:291:5)
      at Function.handle 
(node_modules/router/index.js:186:3)
      at Function.handle (node_modules/exp
ress/lib/application.js:177:15)
      at Server.app 
(node_modules/express/lib/express.js:38:9)

    console.error
      Error: jwt malformed

    [0m [90m 18 |[39m     } 
[36mcatch[39m (err) {
     [90m 19 |[39m         
console[33m.[39merror([32m'DEBUG: JWT 
Verification Failure'[39m)[33m;[39m
    [31m[1m>[22m[39m[90m 20 |[39m   
      console[33m.[39merror([32m'Error:
'[39m[33m,[39m 
err[33m.[39mmessage)[33m;[39m
     [90m    |[39m                 
[31m[1m^[22m[39m
     [90m 21 |[39m         console[33m.
[39merror([32m'Token:'[39m[33m,[39m 
token [33m?[39m (token[33m.[39msubstri
ng([35m0[39m[33m,[39m [35m10[39m) 
[33m+[39m [32m'...'[39m) [33m:[39m 
[32m'None'[39m)[33m;[39m
     [90m 22 |[39m         res[33m.[39
mstatus([35m401[39m)[33m.[39mjson({ 
message[33m:[39m [32m'Token is not 
valid'[39m })[33m;[39m
     [90m 23 |[39m     }[0m

      at error (utils/auth.js:20:17)
      at Layer.handleRequest 
(node_modules/router/lib/layer.js:152:17)
      at next 
(node_modules/router/lib/route.js:157:13)
      at Route.dispatch 
(node_modules/router/lib/route.js:117:3)
      at handle 
(node_modules/router/index.js:435:11)
      at Layer.handleRequest 
(node_modules/router/lib/layer.js:152:17)
      at 
node_modules/router/index.js:295:15
      at processParams 
(node_modules/router/index.js:582:12)
      at next 
(node_modules/router/index.js:291:5)
      at Function.handle 
(node_modules/router/index.js:186:3)
      at router 
(node_modules/router/index.js:60:12)
      at Layer.handleRequest 
(node_modules/router/lib/layer.js:152:17)
      at trimPrefix 
(node_modules/router/index.js:342:13)
      at 
node_modules/router/index.js:297:9
      at processParams 
(node_modules/router/index.js:582:12)
      at next 
(node_modules/router/index.js:291:5)
      at read (node_modules/body-parser/li
b/read.js:53:5)
      at jsonParser (node_modules/body-par
ser/lib/types/json.js:88:5)
      at server.js:59:23
      at Layer.handleRequest 
(node_modules/router/lib/layer.js:152:17)
      at trimPrefix 
(node_modules/router/index.js:342:13)
      at 
node_modules/router/index.js:297:9
      at processParams 
(node_modules/router/index.js:582:12)
      at next 
(node_modules/router/index.js:291:5)
      at cors 
(node_modules/cors/lib/index.js:188:7)
      at 
node_modules/cors/lib/index.js:224:17
      at callback (server.js:46:29)
      at 
node_modules/cors/lib/index.js:219:13
      at optionsCallback 
(node_modules/cors/lib/index.js:199:9)
      at corsMiddleware 
(node_modules/cors/lib/index.js:204:7)
      at Layer.handleRequest 
(node_modules/router/lib/layer.js:152:17)
      at trimPrefix 
(node_modules/router/index.js:342:13)
      at 
node_modules/router/index.js:297:9
      at processParams 
(node_modules/router/index.js:582:12)
      at next 
(node_modules/router/index.js:291:5)
      at next 
(middlewares/requestLogger.js:22:5)
      at Layer.handleRequest 
(node_modules/router/lib/layer.js:152:17)
      at trimPrefix 
(node_modules/router/index.js:342:13)
      at 
node_modules/router/index.js:297:9
      at processParams 
(node_modules/router/index.js:582:12)
      at next 
(node_modules/router/index.js:291:5)
      at next 
(middlewares/rateLimiter.js:6:36)
      at Layer.handleRequest 
(node_modules/router/lib/layer.js:152:17)
      at trimPrefix 
(node_modules/router/index.js:342:13)
      at 
node_modules/router/index.js:297:9
      at processParams 
(node_modules/router/index.js:582:12)
      at next 
(node_modules/router/index.js:291:5)
      at internalNext 
(node_modules/helmet/index.cjs:531:6)
      at xXssProtectionMiddleware 
(node_modules/helmet/index.cjs:311:3)
      at internalNext 
(node_modules/helmet/index.cjs:529:6)
      at xPoweredByMiddleware 
(node_modules/helmet/index.cjs:304:3)
      at internalNext 
(node_modules/helmet/index.cjs:529:6)
      at 
xPermittedCrossDomainPoliciesMiddleware 
(node_modules/helmet/index.cjs:297:3)
      at internalNext 
(node_modules/helmet/index.cjs:529:6)
      at xFrameOptionsMiddleware 
(node_modules/helmet/index.cjs:281:3)
      at internalNext 
(node_modules/helmet/index.cjs:529:6)
      at xDownloadOptionsMiddleware 
(node_modules/helmet/index.cjs:261:3)
      at internalNext 
(node_modules/helmet/index.cjs:529:6)
      at xDnsPrefetchControlMiddleware 
(node_modules/helmet/index.cjs:254:3)
      at internalNext 
(node_modules/helmet/index.cjs:529:6)
      at xContentTypeOptionsMiddleware 
(node_modules/helmet/index.cjs:246:3)
      at internalNext 
(node_modules/helmet/index.cjs:529:6)
      at 
strictTransportSecurityMiddleware 
(node_modules/helmet/index.cjs:239:3)
      at internalNext 
(node_modules/helmet/index.cjs:529:6)
      at referrerPolicyMiddleware 
(node_modules/helmet/index.cjs:207:3)
      at internalNext 
(node_modules/helmet/index.cjs:529:6)
      at originAgentClusterMiddleware 
(node_modules/helmet/index.cjs:182:3)
      at internalNext 
(node_modules/helmet/index.cjs:529:6)
      at 
crossOriginResourcePolicyMiddleware 
(node_modules/helmet/index.cjs:175:3)
      at internalNext 
(node_modules/helmet/index.cjs:529:6)
      at 
crossOriginOpenerPolicyMiddleware 
(node_modules/helmet/index.cjs:159:3)
      at internalNext 
(node_modules/helmet/index.cjs:529:6)
      at contentSecurityPolicyMiddleware 
(node_modules/helmet/index.cjs:124:4)
      at internalNext 
(node_modules/helmet/index.cjs:529:6)
      at helmetMiddleware 
(node_modules/helmet/index.cjs:533:6)
      at Layer.handleRequest 
(node_modules/router/lib/layer.js:152:17)
      at trimPrefix 
(node_modules/router/index.js:342:13)
      at 
node_modules/router/index.js:297:9
      at processParams 
(node_modules/router/index.js:582:12)
      at next 
(node_modules/router/index.js:291:5)
      at Function.handle 
(node_modules/router/index.js:186:3)
      at Function.handle (node_modules/exp
ress/lib/application.js:177:15)
      at Server.app 
(node_modules/express/lib/express.js:38:9)

    console.error
      Token: invalid_to...

    [0m [90m 19 |[39m         
console[33m.[39merror([32m'DEBUG: JWT 
Verification Failure'[39m)[33m;[39m
     [90m 20 |[39m         console[33m.
[39merror([32m'Error:'[39m[33m,[39m 
err[33m.[39mmessage)[33m;[39m
    [31m[1m>[22m[39m[90m 21 |[39m   
      console[33m.[39merror([32m'Token:
'[39m[33m,[39m token [33m?[39m (token
[33m.[39msubstring([35m0[39m[33m,[39
m [35m10[39m) [33m+[39m 
[32m'...'[39m) [33m:[39m 
[32m'None'[39m)[33m;[39m
     [90m    |[39m                 
[31m[1m^[22m[39m
     [90m 22 |[39m         res[33m.[39
mstatus([35m401[39m)[33m.[39mjson({ 
message[33m:[39m [32m'Token is not 
valid'[39m })[33m;[39m
     [90m 23 |[39m     }
     [90m 24 |[39m }[33m;[39m[0m

      at error (utils/auth.js:21:17)
      at Layer.handleRequest 
(node_modules/router/lib/layer.js:152:17)
      at next 
(node_modules/router/lib/route.js:157:13)
      at Route.dispatch 
(node_modules/router/lib/route.js:117:3)
      at handle 
(node_modules/router/index.js:435:11)
      at Layer.handleRequest 
(node_modules/router/lib/layer.js:152:17)
      at 
node_modules/router/index.js:295:15
      at processParams 
(node_modules/router/index.js:582:12)
      at next 
(node_modules/router/index.js:291:5)
      at Function.handle 
(node_modules/router/index.js:186:3)
      at router 
(node_modules/router/index.js:60:12)
      at Layer.handleRequest 
(node_modules/router/lib/layer.js:152:17)
      at trimPrefix 
(node_modules/router/index.js:342:13)
      at 
node_modules/router/index.js:297:9
      at processParams 
(node_modules/router/index.js:582:12)
      at next 
(node_modules/router/index.js:291:5)
      at read (node_modules/body-parser/li
b/read.js:53:5)
      at jsonParser (node_modules/body-par
ser/lib/types/json.js:88:5)
      at server.js:59:23
      at Layer.handleRequest 
(node_modules/router/lib/layer.js:152:17)
      at trimPrefix 
(node_modules/router/index.js:342:13)
      at 
node_modules/router/index.js:297:9
      at processParams 
(node_modules/router/index.js:582:12)
      at next 
(node_modules/router/index.js:291:5)
      at cors 
(node_modules/cors/lib/index.js:188:7)
      at 
node_modules/cors/lib/index.js:224:17
      at callback (server.js:46:29)
      at 
node_modules/cors/lib/index.js:219:13
      at optionsCallback 
(node_modules/cors/lib/index.js:199:9)
      at corsMiddleware 
(node_modules/cors/lib/index.js:204:7)
      at Layer.handleRequest 
(node_modules/router/lib/layer.js:152:17)
      at trimPrefix 
(node_modules/router/index.js:342:13)
      at 
node_modules/router/index.js:297:9
      at processParams 
(node_modules/router/index.js:582:12)
      at next 
(node_modules/router/index.js:291:5)
      at next 
(middlewares/requestLogger.js:22:5)
      at Layer.handleRequest 
(node_modules/router/lib/layer.js:152:17)
      at trimPrefix 
(node_modules/router/index.js:342:13)
      at 
node_modules/router/index.js:297:9
      at processParams 
(node_modules/router/index.js:582:12)
      at next 
(node_modules/router/index.js:291:5)
      at next 
(middlewares/rateLimiter.js:6:36)
      at Layer.handleRequest 
(node_modules/router/lib/layer.js:152:17)
      at trimPrefix 
(node_modules/router/index.js:342:13)
      at 
node_modules/router/index.js:297:9
      at processParams 
(node_modules/router/index.js:582:12)
      at next 
(node_modules/router/index.js:291:5)
      at internalNext 
(node_modules/helmet/index.cjs:531:6)
      at xXssProtectionMiddleware 
(node_modules/helmet/index.cjs:311:3)
      at internalNext 
(node_modules/helmet/index.cjs:529:6)
      at xPoweredByMiddleware 
(node_modules/helmet/index.cjs:304:3)
      at internalNext 
(node_modules/helmet/index.cjs:529:6)
      at 
xPermittedCrossDomainPoliciesMiddleware 
(node_modules/helmet/index.cjs:297:3)
      at internalNext 
(node_modules/helmet/index.cjs:529:6)
      at xFrameOptionsMiddleware 
(node_modules/helmet/index.cjs:281:3)
      at internalNext 
(node_modules/helmet/index.cjs:529:6)
      at xDownloadOptionsMiddleware 
(node_modules/helmet/index.cjs:261:3)
      at internalNext 
(node_modules/helmet/index.cjs:529:6)
      at xDnsPrefetchControlMiddleware 
(node_modules/helmet/index.cjs:254:3)
      at internalNext 
(node_modules/helmet/index.cjs:529:6)
      at xContentTypeOptionsMiddleware 
(node_modules/helmet/index.cjs:246:3)
      at internalNext 
(node_modules/helmet/index.cjs:529:6)
      at 
strictTransportSecurityMiddleware 
(node_modules/helmet/index.cjs:239:3)
      at internalNext 
(node_modules/helmet/index.cjs:529:6)
      at referrerPolicyMiddleware 
(node_modules/helmet/index.cjs:207:3)
      at internalNext 
(node_modules/helmet/index.cjs:529:6)
      at originAgentClusterMiddleware 
(node_modules/helmet/index.cjs:182:3)
      at internalNext 
(node_modules/helmet/index.cjs:529:6)
      at 
crossOriginResourcePolicyMiddleware 
(node_modules/helmet/index.cjs:175:3)
      at internalNext 
(node_modules/helmet/index.cjs:529:6)
      at 
crossOriginOpenerPolicyMiddleware 
(node_modules/helmet/index.cjs:159:3)
      at internalNext 
(node_modules/helmet/index.cjs:529:6)
      at contentSecurityPolicyMiddleware 
(node_modules/helmet/index.cjs:124:4)
      at internalNext 
(node_modules/helmet/index.cjs:529:6)
      at helmetMiddleware 
(node_modules/helmet/index.cjs:533:6)
      at Layer.handleRequest 
(node_modules/router/lib/layer.js:152:17)
      at trimPrefix 
(node_modules/router/index.js:342:13)
      at 
node_modules/router/index.js:297:9
      at processParams 
(node_modules/router/index.js:582:12)
      at next 
(node_modules/router/index.js:291:5)
      at Function.handle 
(node_modules/router/index.js:186:3)
      at Function.handle (node_modules/exp
ress/lib/application.js:177:15)
      at Server.app 
(node_modules/express/lib/express.js:38:9)

  ● Auth API Endpoints › POST 
/api/auth/register › should register a 
new user successfully

    expect(received).toBe(expected) // 
Object.is equality

    Expected: 201
    Received: 500

    [0m [90m 43 |[39m                 
[33m.[39msend(validUser)[33m;[39m
     [90m 44 |[39m
    [31m[1m>[22m[39m[90m 45 |[39m   
          expect(res[33m.[39mstatusCode)
[33m.[39mtoBe([35m201[39m)[33m;[39m
     [90m    |[39m                      
              [31m[1m^[22m[39m
     [90m 46 |[39m             expect(re
s[33m.[39mbody[33m.[39mmessage)[33m.
[39mtoBe([32m'Registered'[39m)[33m;[39
m
     [90m 47 |[39m             expect(re
s[33m.[39mbody[33m.[39muser)[33m.[39
mtoHaveProperty([32m'id'[39m[33m,[39m 
[35m1[39m)[33m;[39m
     [90m 48 |[39m             expect(re
s[33m.[39mbody[33m.[39muser[33m.[39m
username)[33m.[39mtoBe([32m'testuser'[
39m)[33m;[39m[0m

      at Object.toBe 
(test/auth.test.js:45:36)

  ● Auth API Endpoints › POST 
/api/auth/register › should return 400 if 
user already exists

    expect(received).toBe(expected) // 
Object.is equality

    Expected: 400
    Received: 500

    [0m [90m 81 |[39m                 
[33m.[39msend(validUser)[33m;[39m
     [90m 82 |[39m
    [31m[1m>[22m[39m[90m 83 |[39m   
          expect(res[33m.[39mstatusCode)
[33m.[39mtoBe([35m400[39m)[33m;[39m
     [90m    |[39m                      
              [31m[1m^[22m[39m
     [90m 84 |[39m             expect(re
s[33m.[39mbody[33m.[39mmessage)[33m.
[39mtoBe([32m'Exists'[39m)[33m;[39m
     [90m 85 |[39m         })[33m;[39m
     [90m 86 |[39m     })[33m;[39m[0m

      at Object.toBe 
(test/auth.test.js:83:36)

  ● Auth API Endpoints › POST 
/api/auth/login › should login 
successfully with valid credentials

    expect(received).toBe(expected) // 
Object.is equality

    Expected: 200
    Received: 500

    [0m [90m 101 |[39m                 
[33m.[39msend({ email[33m:[39m 
[32m'test@supika.app'[39m[33m,[39m 
password[33m:[39m 
[32m'Password123!'[39m })[33m;[39m
     [90m 102 |[39m
    [31m[1m>[22m[39m[90m 103 |[39m  
           expect(res[33m.[39mstatusCode
)[33m.[39mtoBe([35m200[39m)[33m;[39m
     [90m     |[39m                     
               [31m[1m^[22m[39m
     [90m 104 |[39m             expect(r
es[33m.[39mbody)[33m.[39mtoHavePropert
y([32m'token'[39m)[33m;[39m
     [90m 105 |[39m             expect(r
es[33m.[39mbody)[33m.[39mtoHavePropert
y([32m'refreshToken'[39m)[33m;[39m
     [90m 106 |[39m             expect(r
es[33m.[39mbody[33m.[39muser)[33m.[3
9mtoHaveProperty([32m'id'[39m[33m,[39m
 [35m1[39m)[33m;[39m[0m

      at Object.toBe 
(test/auth.test.js:103:36)

  ● Auth API Endpoints › POST 
/api/auth/login › should fail with 
invalid password

    expect(received).toBe(expected) // 
Object.is equality

    Expected: 400
    Received: 500

    [0m [90m 118 |[39m                 
[33m.[39msend({ email[33m:[39m 
[32m'test@supika.app'[39m[33m,[39m 
password[33m:[39m 
[32m'WrongPassword'[39m })[33m;[39m
     [90m 119 |[39m
    [31m[1m>[22m[39m[90m 120 |[39m  
           expect(res[33m.[39mstatusCode
)[33m.[39mtoBe([35m400[39m)[33m;[39m
     [90m     |[39m                     
               [31m[1m^[22m[39m
     [90m 121 |[39m             expect(r
es[33m.[39mbody[33m.[39mmessage)[33m.
[39mtoBe([32m'Invalid 
credentials'[39m)[33m;[39m
     [90m 122 |[39m         
})[33m;[39m
     [90m 123 |[39m[0m

      at Object.toBe 
(test/auth.test.js:120:36)

  ● Auth API Endpoints › POST 
/api/auth/login › should fail if user not 
found

    expect(received).toBe(expected) // 
Object.is equality

    Expected: 400
    Received: 200

    [0m [90m 129 |[39m                 
[33m.[39msend({ email[33m:[39m [32m'n
onexistent@supika.app'[39m[33m,[39m 
password[33m:[39m 
[32m'Password123!'[39m })[33m;[39m
     [90m 130 |[39m
    [31m[1m>[22m[39m[90m 131 |[39m  
           expect(res[33m.[39mstatusCode
)[33m.[39mtoBe([35m400[39m)[33m;[39m
     [90m     |[39m                     
               [31m[1m^[22m[39m
     [90m 132 |[39m             expect(r
es[33m.[39mbody[33m.[39mmessage)[33m.
[39mtoBe([32m'Invalid 
credentials'[39m)[33m;[39m
     [90m 133 |[39m         
})[33m;[39m
     [90m 134 |[39m     
})[33m;[39m[0m

      at Object.toBe 
(test/auth.test.js:131:36)

FAIL test/ai.test.js
  ● Console

    console.log
      [dotenv@17.3.1] injecting env (17) 
from .env -- tip: ⚙️  suppress all logs 
with { quiet: true }

      at _log 
(node_modules/dotenv/lib/main.js:139:11)

    console.log
      [dotenv@17.3.1] injecting env (0) 
from .env -- tip: ⚙️  enable debug 
logging with { debug: true }

      at _log 
(node_modules/dotenv/lib/main.js:139:11)

    console.log
      Using LOCAL storage for uploads

      at Object.log 
(routes/events.js:13:13)

    console.log
      [eFinder] Trying model: 
gemini-2.5-flash (+search)

      at log (utils/aiDiscovery.js:188:21)

    console.log
      [eFinder] Success with model: 
gemini-2.5-flash (+search)

      at log (utils/aiDiscovery.js:191:21)

    console.error
      AI Discovery error: Error: AI 
returned incomplete event data: missing 
title, date, or location
          at discoverEvents (E:\yby_vibe\b
ackend\utils\aiDiscovery.js:230:15)
          at processTicksAndRejections 
(node:internal/process/task_queues:95:5)
          at discover (E:\yby_vibe\backend
\controllers\aiController.js:15:27)

    [0m [90m 21 |[39m         
})[33m;[39m
     [90m 22 |[39m     } 
[36mcatch[39m (error) {
    [31m[1m>[22m[39m[90m 23 |[39m   
      console[33m.[39merror([32m'AI 
Discovery error:'[39m[33m,[39m 
error)[33m;[39m
     [90m    |[39m                 
[31m[1m^[22m[39m
     [90m 24 |[39m         res[33m.[39
mstatus([35m500[39m)[33m.[39mjson({ 
message[33m:[39m 
error[33m.[39mmessage [33m||[39m 
[32m'Discovery failed'[39m })[33m;[39m
     [90m 25 |[39m     }
     [90m 26 |[39m }[33m;[39m[0m

      at error 
(controllers/aiController.js:23:17)

  ● AI Discovery API Endpoints › POST 
/api/ai/discover › should run discovery 
and insert unapproved events as admin

    expect(received).toBe(expected) // 
Object.is equality

    Expected: 200
    Received: 500

    [0m [90m 76 |[39m                 
[33m.[39msend({ query[33m:[39m 
[32m'Events in London'[39m })[33m;[39m
     [90m 77 |[39m
    [31m[1m>[22m[39m[90m 78 |[39m   
          expect(res[33m.[39mstatusCode)
[33m.[39mtoBe([35m200[39m)[33m;[39m
     [90m    |[39m                      
              [31m[1m^[22m[39m
     [90m 79 |[39m             expect(re
s[33m.[39mbody[33m.[39mnewEvents)[33m
.[39mtoHaveLength([35m1[39m)[33m;[39m
     [90m 80 |[39m             expect(re
s[33m.[39mbody[33m.[39mnewEvents[[35m
0[39m][33m.[39mtitle)[33m.[39mtoBe([
32m'AI Discovered 
Concert'[39m)[33m;[39m
     [90m 81 |[39m             expect(re
s[33m.[39mbody[33m.[39mnewEvents[[35m
0[39m][33m.[39mlatitude)[33m.[39mtoBe
([35m51.5074[39m)[33m;[39m[0m

      at Object.toBe 
(test/ai.test.js:78:36)

FAIL test/events.test.js
  ● Console

    console.log
      [dotenv@17.3.1] injecting env (17) 
from .env -- tip: 🔐 prevent building 
.env in docker: 
https://dotenvx.com/prebuild

      at _log 
(node_modules/dotenv/lib/main.js:139:11)

    console.log
      [dotenv@17.3.1] injecting env (0) 
from .env -- tip: ⚙️  specify custom .env 
file path with { path: 
'/custom/path/.env' }

      at _log 
(node_modules/dotenv/lib/main.js:139:11)

    console.log
      Using LOCAL storage for uploads

      at Object.log 
(routes/events.js:13:13)

    console.error
      TypeError: pool.connect is not a 
function
          at connect (E:\yby_vibe\backend\
controllers\eventController.js:412:35)
          at processTicksAndRejections 
(node:internal/process/task_queues:95:5)

    [0m [90m 427 |[39m         } 
[36mcatch[39m (err) { [36mawait[39m cl
ient[33m.[39mquery([32m'ROLLBACK'[39m)
[33m;[39m [36mthrow[39m 
err[33m;[39m }
     [90m 428 |[39m         
[36mfinally[39m { 
client[33m.[39mrelease()[33m;[39m }
    [31m[1m>[22m[39m[90m 429 |[39m  
   } [36mcatch[39m (e) { 
console[33m.[39merror(e)[33m;[39m res
[33m.[39mstatus([35m500[39m)[33m.[39m
json({ message[33m:[39m 
[32m'Error'[39m })[33m;[39m }
     [90m     |[39m                     
      [31m[1m^[22m[39m
     [90m 430 |[39m }[33m;[39m
     [90m 431 |[39m
     [90m 432 |[39m [36mconst[39m 
getEventMemories [33m=[39m 
[36masync[39m (req[33m,[39m res) 
[33m=>[39m {[0m

      at error 
(controllers/eventController.js:429:27)

    console.error
      Registration failed: TypeError: 
Cannot read properties of undefined 
(reading 'status')
          at status (E:\yby_vibe\backend\c
ontrollers\eventController.js:331:44)
          at processTicksAndRejections 
(node:internal/process/task_queues:95:5)

    [0m [90m 346 |[39m         
res[33m.[39mjson({ message[33m:[39m 
[32m'Registered'[39m })[33m;[39m
     [90m 347 |[39m     } 
[36mcatch[39m (e) {
    [31m[1m>[22m[39m[90m 348 |[39m  
       console[33m.[39merror([32m'Regis
tration failed:'[39m[33m,[39m 
e)[33m;[39m
     [90m     |[39m                 
[31m[1m^[22m[39m
     [90m 349 |[39m         res[33m.[3
9mstatus([35m500[39m)[33m.[39mjson({ 
message[33m:[39m [32m'Registration 
failed'[39m })[33m;[39m
     [90m 350 |[39m     }
     [90m 351 |[39m }[33m;[39m[0m

      at error 
(controllers/eventController.js:348:17)

    console.error
      Registration failed: TypeError: 
Cannot read properties of undefined 
(reading 'status')
          at status (E:\yby_vibe\backend\c
ontrollers\eventController.js:331:44)
          at processTicksAndRejections 
(node:internal/process/task_queues:95:5)

    [0m [90m 346 |[39m         
res[33m.[39mjson({ message[33m:[39m 
[32m'Registered'[39m })[33m;[39m
     [90m 347 |[39m     } 
[36mcatch[39m (e) {
    [31m[1m>[22m[39m[90m 348 |[39m  
       console[33m.[39merror([32m'Regis
tration failed:'[39m[33m,[39m 
e)[33m;[39m
     [90m     |[39m                 
[31m[1m^[22m[39m
     [90m 349 |[39m         res[33m.[3
9mstatus([35m500[39m)[33m.[39mjson({ 
message[33m:[39m [32m'Registration 
failed'[39m })[33m;[39m
     [90m 350 |[39m     }
     [90m 351 |[39m }[33m;[39m[0m

      at error 
(controllers/eventController.js:348:17)

  ● Events API Endpoints › POST 
/api/events › should create an event 
successfully

    expect(received).toBe(expected) // 
Object.is equality

    Expected: 201
    Received: 500

    [0m [90m 88 |[39m                 
[33m.[39msend(validEvent)[33m;[39m
     [90m 89 |[39m
    [31m[1m>[22m[39m[90m 90 |[39m   
          expect(res[33m.[39mstatusCode)
[33m.[39mtoBe([35m201[39m)[33m;[39m
     [90m    |[39m                      
              [31m[1m^[22m[39m
     [90m 91 |[39m             expect(re
s[33m.[39mbody[33m.[39mid)[33m.[39mt
oBe([35m99[39m)[33m;[39m
     [90m 92 |[39m         })[33m;[39m
     [90m 93 |[39m     })[33m;[39m[0m

      at Object.toBe 
(test/events.test.js:90:36)

  ● Events API Endpoints › PUT 
/api/events/:id › should fail if user 
does not own the event

    expect(received).toBe(expected) // 
Object.is equality

    Expected: "Unauthorized to edit this 
event"
    Received: "Unauthorized: Only the 
event host can perform this action"

    [0m [90m 106 |[39m
     [90m 107 |[39m             expect(r
es[33m.[39mstatusCode)[33m.[39mtoBe([
35m403[39m)[33m;[39m
    [31m[1m>[22m[39m[90m 108 |[39m  
           expect(res[33m.[39mbody[33m.
[39mmessage)[33m.[39mtoBe([32m'Unautho
rized to edit this event'[39m)[33m;[39m
     [90m     |[39m                     
                 [31m[1m^[22m[39m
     [90m 109 |[39m         
})[33m;[39m
     [90m 110 |[39m     })[33m;[39m
     [90m 111 |[39m[0m

      at Object.toBe 
(test/events.test.js:108:38)

  ● Events API Endpoints › DELETE 
/api/events/:id › should delete event 
successfully if owned by user

    expect(received).toBe(expected) // 
Object.is equality

    Expected: 200
    Received: 500

    [0m [90m 135 |[39m                 
[33m.[39m[36mset[39m([32m'x-auth-toke
n'[39m[33m,[39m token)[33m;[39m
     [90m 136 |[39m
    [31m[1m>[22m[39m[90m 137 |[39m  
           expect(res[33m.[39mstatusCode
)[33m.[39mtoBe([35m200[39m)[33m;[39m
     [90m     |[39m                     
               [31m[1m^[22m[39m
     [90m 138 |[39m             expect(r
es[33m.[39mbody[33m.[39mmessage)[33m.
[39mtoBe([32m'Event 
deleted'[39m)[33m;[39m
     [90m 139 |[39m         
})[33m;[39m
     [90m 140 |[39m[0m

      at Object.toBe 
(test/events.test.js:137:36)

  ● Events API Endpoints › DELETE 
/api/events/:id › should allow admin to 
delete any event

    expect(received).toBe(expected) // 
Object.is equality

    Expected: 200
    Received: 403

    [0m [90m 163 |[39m                 
[33m.[39m[36mset[39m([32m'x-auth-toke
n'[39m[33m,[39m adminToken)[33m;[39m
     [90m 164 |[39m
    [31m[1m>[22m[39m[90m 165 |[39m  
           expect(res[33m.[39mstatusCode
)[33m.[39mtoBe([35m200[39m)[33m;[39m
     [90m     |[39m                     
               [31m[1m^[22m[39m
     [90m 166 |[39m         
})[33m;[39m
     [90m 167 |[39m     })[33m;[39m
     [90m 168 |[39m[0m

      at Object.toBe 
(test/events.test.js:165:36)

  ● Events API Endpoints › POST 
/api/events/:id/register › should 
register successfully

    expect(received).toBe(expected) // 
Object.is equality

    Expected: 201
    Received: 500

    [0m [90m 185 |[39m                 
[33m.[39msend({ timeSlotId[33m:[39m 
[35m10[39m })[33m;[39m
     [90m 186 |[39m
    [31m[1m>[22m[39m[90m 187 |[39m  
           expect(res[33m.[39mstatusCode
)[33m.[39mtoBe([35m201[39m)[33m;[39m
     [90m     |[39m                     
               [31m[1m^[22m[39m
     [90m 188 |[39m             expect(r
es[33m.[39mbody[33m.[39mmessage)[33m.
[39mtoBe([32m'Registered 
successfully'[39m)[33m;[39m
     [90m 189 |[39m         
})[33m;[39m
     [90m 190 |[39m[0m

      at Object.toBe 
(test/events.test.js:187:36)

  ● Events API Endpoints › POST 
/api/events/:id/register › should fail if 
event is full

    expect(received).toBe(expected) // 
Object.is equality

    Expected: 400
    Received: 500

    [0m [90m 206 |[39m                 
[33m.[39msend({ timeSlotId[33m:[39m 
[35m10[39m })[33m;[39m
     [90m 207 |[39m
    [31m[1m>[22m[39m[90m 208 |[39m  
           expect(res[33m.[39mstatusCode
)[33m.[39mtoBe([35m400[39m)[33m;[39m
     [90m     |[39m                     
               [31m[1m^[22m[39m
     [90m 209 |[39m             expect(r
es[33m.[39mbody[33m.[39mmessage)[33m.
[39mtoBe([32m'Time slot is 
full'[39m)[33m;[39m
     [90m 210 |[39m         
})[33m;[39m
     [90m 211 |[39m     
})[33m;[39m[0m

      at Object.toBe 
(test/events.test.js:208:36)

FAIL test/middlewares.test.js
  ● Middleware APIs › Global Error 
Handler › should catch unhandled errors 
and return JSON instead of HTML

    expect(received).toBe(expected) // 
Object.is equality

    Expected: 503
    Received: 500

    [0m [90m 32 |[39m             
[36mconst[39m res [33m=[39m 
[36mawait[39m request(app)[33m.[39m[3
6mget[39m([32m'/crash'[39m)[33m;[39m
     [90m 33 |[39m
    [31m[1m>[22m[39m[90m 34 |[39m   
          expect(res[33m.[39mstatusCode)
[33m.[39mtoBe([35m503[39m)[33m;[39m
     [90m    |[39m                      
              [31m[1m^[22m[39m
     [90m 35 |[39m             expect(re
s[33m.[39mbody[33m.[39msuccess)[33m.
[39mtoBe([36mfalse[39m)[33m;[39m
     [90m 36 |[39m             expect(re
s[33m.[39mbody[33m.[39mmessage)[33m.
[39mtoBe([32m'Database 
disconnected'[39m)[33m;[39m
     [90m 37 |[39m         
})[33m;[39m[0m

      at Object.toBe 
(test/middlewares.test.js:34:36)

  ● Middleware APIs › Global Error 
Handler › should handle malformed JSON 
syntax gracefully

    expect(received).toBe(expected) // 
Object.is equality

    Expected: 400
    Received: 500

    [0m [90m 40 |[39m             
[36mconst[39m res [33m=[39m 
[36mawait[39m request(app)[33m.[39mpos
t([32m'/json'[39m)[33m;[39m
     [90m 41 |[39m
    [31m[1m>[22m[39m[90m 42 |[39m   
          expect(res[33m.[39mstatusCode)
[33m.[39mtoBe([35m400[39m)[33m;[39m
     [90m    |[39m                      
              [31m[1m^[22m[39m
     [90m 43 |[39m             expect(re
s[33m.[39mbody[33m.[39mmessage)[33m.
[39mtoBe([32m'Invalid JSON 
payload'[39m)[33m;[39m
     [90m 44 |[39m             expect(re
s[33m.[39mbody[33m.[39mcode)[33m.[39
mtoBe([32m'BAD_JSON'[39m)[33m;[39m
     [90m 45 |[39m         
})[33m;[39m[0m

      at Object.toBe 
(test/middlewares.test.js:42:36)

PASS test/messages.test.js
  ● Console

    console.log
      [dotenv@17.3.1] injecting env (17) 
from .env -- tip: ⚙️  specify custom .env 
file path with { path: 
'/custom/path/.env' }

      at _log 
(node_modules/dotenv/lib/main.js:139:11)

    console.log
      [dotenv@17.3.1] injecting env (0) 
from .env -- tip: ⚙️  enable debug 
logging with { debug: true }

      at _log 
(node_modules/dotenv/lib/main.js:139:11)

    console.log
      Using LOCAL storage for uploads

      at Object.log 
(routes/events.js:13:13)


Test Suites: 4 failed, 1 passed, 5 total
Tests:       14 failed, 14 passed, 28 
total
Snapshots:   0 total
Time:        7.199 s, estimated 35 s
Ran all test suites.
